// Jest Snapshot v1, https://goo.gl/fbAQLP

exports[`application 1`] = `
"<div class=\\"container\\">
    <div id=\\"blackChessmens\\" class=\\"figures\\">
        Loading black...
    </div>
    <div class=\\"separator\\">
    </div>
    <div id=\\"chess\\" class=\\"chessfield\\">
        <div id=\\"loading\\">
            Loading chess...
        </div>
    </div>
    <div class=\\"separator\\">
    </div>
    <div id=\\"whiteChessmens\\" class=\\"figures\\">
        Loading white...
    </div>
</div>
<script type=\\"text/javascript\\" src=\\"/main.js\\"></script>"
`;

exports[`application 2`] = `
"<div class=\\"container\\">
    <div id=\\"blackChessmens\\" class=\\"figures\\">
        <table>
            <tr>
                <td target=\\"2_1\\" class=\\"item-initial\\">♟</td>
                <td target=\\"2_2\\" class=\\"item-initial\\">♟</td>
                <td target=\\"2_3\\" class=\\"item-initial\\">♟</td>
                <td target=\\"2_4\\" class=\\"item-initial\\">♟</td>
                <td target=\\"2_5\\" class=\\"item-initial\\">♟</td>
                <td target=\\"2_6\\" class=\\"item-initial\\">♟</td>
                <td target=\\"2_7\\" class=\\"item-initial\\">♟</td>
                <td target=\\"2_8\\" class=\\"item-initial\\">♟</td>
                <td target=\\"1_1\\" class=\\"item-initial\\">♜</td>
                <td target=\\"1_8\\" class=\\"item-initial\\">♜</td>
                <td target=\\"1_2\\" class=\\"item-initial\\">♞</td>
                <td target=\\"1_7\\" class=\\"item-initial\\">♞</td>
                <td target=\\"1_3\\" class=\\"item-initial\\">♝</td>
                <td target=\\"1_6\\" class=\\"item-initial\\">♝</td>
                <td target=\\"1_4\\" class=\\"item-initial\\">♛</td>
                <td target=\\"1_5\\" class=\\"item-initial\\">♚</td>
            </tr>
        </table>
    </div>
    <div class=\\"separator\\">
    </div>
    <div id=\\"chess\\" class=\\"chessfield\\">

        <table>
            <tr>
                <td class=\\"borders\\" id=\\"0_0\\"> </td>
                <td class=\\"borders\\" id=\\"0_1\\">a</td>
                <td class=\\"borders\\" id=\\"0_2\\">b</td>
                <td class=\\"borders\\" id=\\"0_3\\">c</td>
                <td class=\\"borders\\" id=\\"0_4\\">d</td>
                <td class=\\"borders\\" id=\\"0_5\\">e</td>
                <td class=\\"borders\\" id=\\"0_6\\">f</td>
                <td class=\\"borders\\" id=\\"0_7\\">g</td>
                <td class=\\"borders\\" id=\\"0_8\\">h</td>
                <td class=\\"borders\\" id=\\"0_9\\"> </td>
            </tr>
            <tr>
                <td class=\\"borders\\" id=\\"1_0\\">8</td>
                <td class=\\"item\\" id=\\"1_1\\"> </td>
                <td class=\\"item\\" id=\\"1_2\\"> </td>
                <td class=\\"item\\" id=\\"1_3\\"> </td>
                <td class=\\"item\\" id=\\"1_4\\"> </td>
                <td class=\\"item\\" id=\\"1_5\\"> </td>
                <td class=\\"item\\" id=\\"1_6\\"> </td>
                <td class=\\"item\\" id=\\"1_7\\"> </td>
                <td class=\\"item\\" id=\\"1_8\\"> </td>
                <td class=\\"borders\\" id=\\"1_9\\">8</td>
            </tr>
            <tr>
                <td class=\\"borders\\" id=\\"2_0\\">7</td>
                <td class=\\"item\\" id=\\"2_1\\"> </td>
                <td class=\\"item\\" id=\\"2_2\\"> </td>
                <td class=\\"item\\" id=\\"2_3\\"> </td>
                <td class=\\"item\\" id=\\"2_4\\"> </td>
                <td class=\\"item\\" id=\\"2_5\\"> </td>
                <td class=\\"item\\" id=\\"2_6\\"> </td>
                <td class=\\"item\\" id=\\"2_7\\"> </td>
                <td class=\\"item\\" id=\\"2_8\\"> </td>
                <td class=\\"borders\\" id=\\"2_9\\">7</td>
            </tr>
            <tr>
                <td class=\\"borders\\" id=\\"3_0\\">6</td>
                <td class=\\"item\\" id=\\"3_1\\"> </td>
                <td class=\\"item\\" id=\\"3_2\\"> </td>
                <td class=\\"item\\" id=\\"3_3\\"> </td>
                <td class=\\"item\\" id=\\"3_4\\"> </td>
                <td class=\\"item\\" id=\\"3_5\\"> </td>
                <td class=\\"item\\" id=\\"3_6\\"> </td>
                <td class=\\"item\\" id=\\"3_7\\"> </td>
                <td class=\\"item\\" id=\\"3_8\\"> </td>
                <td class=\\"borders\\" id=\\"3_9\\">6</td>
            </tr>
            <tr>
                <td class=\\"borders\\" id=\\"4_0\\">5</td>
                <td class=\\"item\\" id=\\"4_1\\"> </td>
                <td class=\\"item\\" id=\\"4_2\\"> </td>
                <td class=\\"item\\" id=\\"4_3\\"> </td>
                <td class=\\"item\\" id=\\"4_4\\"> </td>
                <td class=\\"item\\" id=\\"4_5\\"> </td>
                <td class=\\"item\\" id=\\"4_6\\"> </td>
                <td class=\\"item\\" id=\\"4_7\\"> </td>
                <td class=\\"item\\" id=\\"4_8\\"> </td>
                <td class=\\"borders\\" id=\\"4_9\\">5</td>
            </tr>
            <tr>
                <td class=\\"borders\\" id=\\"5_0\\">4</td>
                <td class=\\"item\\" id=\\"5_1\\"> </td>
                <td class=\\"item\\" id=\\"5_2\\"> </td>
                <td class=\\"item\\" id=\\"5_3\\"> </td>
                <td class=\\"item\\" id=\\"5_4\\"> </td>
                <td class=\\"item\\" id=\\"5_5\\"> </td>
                <td class=\\"item\\" id=\\"5_6\\"> </td>
                <td class=\\"item\\" id=\\"5_7\\"> </td>
                <td class=\\"item\\" id=\\"5_8\\"> </td>
                <td class=\\"borders\\" id=\\"5_9\\">4</td>
            </tr>
            <tr>
                <td class=\\"borders\\" id=\\"6_0\\">3</td>
                <td class=\\"item\\" id=\\"6_1\\"> </td>
                <td class=\\"item\\" id=\\"6_2\\"> </td>
                <td class=\\"item\\" id=\\"6_3\\"> </td>
                <td class=\\"item\\" id=\\"6_4\\"> </td>
                <td class=\\"item\\" id=\\"6_5\\"> </td>
                <td class=\\"item\\" id=\\"6_6\\"> </td>
                <td class=\\"item\\" id=\\"6_7\\"> </td>
                <td class=\\"item\\" id=\\"6_8\\"> </td>
                <td class=\\"borders\\" id=\\"6_9\\">3</td>
            </tr>
            <tr>
                <td class=\\"borders\\" id=\\"7_0\\">2</td>
                <td class=\\"item\\" id=\\"7_1\\"> </td>
                <td class=\\"item\\" id=\\"7_2\\"> </td>
                <td class=\\"item\\" id=\\"7_3\\"> </td>
                <td class=\\"item\\" id=\\"7_4\\"> </td>
                <td class=\\"item\\" id=\\"7_5\\"> </td>
                <td class=\\"item\\" id=\\"7_6\\"> </td>
                <td class=\\"item\\" id=\\"7_7\\"> </td>
                <td class=\\"item\\" id=\\"7_8\\"> </td>
                <td class=\\"borders\\" id=\\"7_9\\">2</td>
            </tr>
            <tr>
                <td class=\\"borders\\" id=\\"8_0\\">1</td>
                <td class=\\"item\\" id=\\"8_1\\"> </td>
                <td class=\\"item\\" id=\\"8_2\\"> </td>
                <td class=\\"item\\" id=\\"8_3\\"> </td>
                <td class=\\"item\\" id=\\"8_4\\"> </td>
                <td class=\\"item\\" id=\\"8_5\\"> </td>
                <td class=\\"item\\" id=\\"8_6\\"> </td>
                <td class=\\"item\\" id=\\"8_7\\"> </td>
                <td class=\\"item\\" id=\\"8_8\\"> </td>
                <td class=\\"borders\\" id=\\"8_9\\">1</td>
            </tr>
            <tr>
                <td class=\\"borders\\" id=\\"9_0\\"> </td>
                <td class=\\"borders\\" id=\\"9_1\\">a</td>
                <td class=\\"borders\\" id=\\"9_2\\">b</td>
                <td class=\\"borders\\" id=\\"9_3\\">c</td>
                <td class=\\"borders\\" id=\\"9_4\\">d</td>
                <td class=\\"borders\\" id=\\"9_5\\">e</td>
                <td class=\\"borders\\" id=\\"9_6\\">f</td>
                <td class=\\"borders\\" id=\\"9_7\\">g</td>
                <td class=\\"borders\\" id=\\"9_8\\">h</td>
                <td class=\\"borders\\" id=\\"9_9\\"> </td>
            </tr>
        </table>
    </div>
    <div class=\\"separator\\">
    </div>
    <div id=\\"whiteChessmens\\" class=\\"figures\\">
        <table>
            <tr>
                <td target=\\"7_1\\" class=\\"item-initial\\">♙</td>
                <td target=\\"7_2\\" class=\\"item-initial\\">♙</td>
                <td target=\\"7_3\\" class=\\"item-initial\\">♙</td>
                <td target=\\"7_4\\" class=\\"item-initial\\">♙</td>
                <td target=\\"7_5\\" class=\\"item-initial\\">♙</td>
                <td target=\\"7_6\\" class=\\"item-initial\\">♙</td>
                <td target=\\"7_7\\" class=\\"item-initial\\">♙</td>
                <td target=\\"7_8\\" class=\\"item-initial\\">♙</td>
                <td target=\\"8_1\\" class=\\"item-initial\\">♖</td>
                <td target=\\"8_8\\" class=\\"item-initial\\">♖</td>
                <td target=\\"8_2\\" class=\\"item-initial\\">♘</td>
                <td target=\\"8_7\\" class=\\"item-initial\\">♘</td>
                <td target=\\"8_3\\" class=\\"item-initial\\">♗</td>
                <td target=\\"8_6\\" class=\\"item-initial\\">♗</td>
                <td target=\\"8_4\\" class=\\"item-initial\\">♕</td>
                <td target=\\"8_5\\" class=\\"item-initial\\">♔</td>
            </tr>
        </table>
    </div>
</div>
<script type=\\"text/javascript\\" src=\\"/main.js\\"></script>"
`;
